[2023-02-14T21:31:03.848+0100][gc,init] CardTable entry size: 512
[2023-02-14T21:31:03.848+0100][gc     ] Using G1
[2023-02-14T21:31:03.853+0100][gc,init] Version: 19.0.1+10-21 (release)
[2023-02-14T21:31:03.853+0100][gc,init] CPUs: 8 total, 8 available
[2023-02-14T21:31:03.853+0100][gc,init] Memory: 8192M
[2023-02-14T21:31:03.853+0100][gc,init] Large Page Support: Disabled
[2023-02-14T21:31:03.853+0100][gc,init] NUMA Support: Disabled
[2023-02-14T21:31:03.853+0100][gc,init] Compressed Oops: Enabled (Zero based)
[2023-02-14T21:31:03.853+0100][gc,init] Heap Region Size: 1M
[2023-02-14T21:31:03.853+0100][gc,init] Heap Min Capacity: 512M
[2023-02-14T21:31:03.853+0100][gc,init] Heap Initial Capacity: 512M
[2023-02-14T21:31:03.853+0100][gc,init] Heap Max Capacity: 512M
[2023-02-14T21:31:03.853+0100][gc,init] Pre-touch: Disabled
[2023-02-14T21:31:03.853+0100][gc,init] Parallel Workers: 8
[2023-02-14T21:31:03.853+0100][gc,init] Concurrent Workers: 2
[2023-02-14T21:31:03.853+0100][gc,init] Concurrent Refinement Workers: 8
[2023-02-14T21:31:03.853+0100][gc,init] Periodic GC: Disabled
[2023-02-14T21:31:03.855+0100][gc,metaspace] CDS archive(s) mapped at: [0x0000000800000000-0x0000000800c44000-0x0000000800c44000), size 12861440, SharedBaseAddress: 0x0000000800000000, ArchiveRelocationMode: 0.
[2023-02-14T21:31:03.855+0100][gc,metaspace] Compressed class space mapped at: 0x0000000801000000-0x0000000841000000, reserved size: 1073741824
[2023-02-14T21:31:03.855+0100][gc,metaspace] Narrow klass base: 0x0000000800000000, Narrow klass shift: 0, Narrow klass range: 0x100000000
[2023-02-14T21:31:06.192+0100][gc,start    ] GC(0) Pause Young (Normal) (GCLocker Initiated GC)
[2023-02-14T21:31:06.193+0100][gc,task     ] GC(0) Using 8 workers of 8 for evacuation
[2023-02-14T21:31:06.201+0100][gc,phases   ] GC(0)   Pre Evacuate Collection Set: 0.1ms
[2023-02-14T21:31:06.202+0100][gc,phases   ] GC(0)   Merge Heap Roots: 0.3ms
[2023-02-14T21:31:06.202+0100][gc,phases   ] GC(0)   Evacuate Collection Set: 6.8ms
[2023-02-14T21:31:06.202+0100][gc,phases   ] GC(0)   Post Evacuate Collection Set: 1.0ms
[2023-02-14T21:31:06.202+0100][gc,phases   ] GC(0)   Other: 0.8ms
[2023-02-14T21:31:06.202+0100][gc,heap     ] GC(0) Eden regions: 256->0(249)
[2023-02-14T21:31:06.202+0100][gc,heap     ] GC(0) Survivor regions: 0->7(32)
[2023-02-14T21:31:06.202+0100][gc,heap     ] GC(0) Old regions: 0->0
[2023-02-14T21:31:06.202+0100][gc,heap     ] GC(0) Archive regions: 2->2
[2023-02-14T21:31:06.202+0100][gc,heap     ] GC(0) Humongous regions: 3->0
[2023-02-14T21:31:06.202+0100][gc,metaspace] GC(0) Metaspace: 13211K(13440K)->13211K(13440K) NonClass: 11715K(11840K)->11715K(11840K) Class: 1496K(1600K)->1496K(1600K)
[2023-02-14T21:31:06.202+0100][gc          ] GC(0) Pause Young (Normal) (GCLocker Initiated GC) 259M->7M(512M) 9.672ms
[2023-02-14T21:31:06.202+0100][gc,cpu      ] GC(0) User=0.03s Sys=0.01s Real=0.01s
[2023-02-14T21:31:07.490+0100][gc,start    ] GC(1) Pause Young (Normal) (G1 Evacuation Pause)
[2023-02-14T21:31:07.490+0100][gc,task     ] GC(1) Using 8 workers of 8 for evacuation
[2023-02-14T21:31:07.499+0100][gc,phases   ] GC(1)   Pre Evacuate Collection Set: 0.1ms
[2023-02-14T21:31:07.499+0100][gc,phases   ] GC(1)   Merge Heap Roots: 0.1ms
[2023-02-14T21:31:07.499+0100][gc,phases   ] GC(1)   Evacuate Collection Set: 7.6ms
[2023-02-14T21:31:07.499+0100][gc,phases   ] GC(1)   Post Evacuate Collection Set: 1.0ms
[2023-02-14T21:31:07.499+0100][gc,phases   ] GC(1)   Other: 0.1ms
[2023-02-14T21:31:07.499+0100][gc,heap     ] GC(1) Eden regions: 249->0(243)
[2023-02-14T21:31:07.499+0100][gc,heap     ] GC(1) Survivor regions: 7->13(32)
[2023-02-14T21:31:07.499+0100][gc,heap     ] GC(1) Old regions: 0->0
[2023-02-14T21:31:07.499+0100][gc,heap     ] GC(1) Archive regions: 2->2
[2023-02-14T21:31:07.499+0100][gc,heap     ] GC(1) Humongous regions: 0->0
[2023-02-14T21:31:07.499+0100][gc,metaspace] GC(1) Metaspace: 18754K(19072K)->18754K(19072K) NonClass: 16595K(16768K)->16595K(16768K) Class: 2158K(2304K)->2158K(2304K)
[2023-02-14T21:31:07.499+0100][gc          ] GC(1) Pause Young (Normal) (G1 Evacuation Pause) 256M->13M(512M) 9.157ms
[2023-02-14T21:31:07.500+0100][gc,cpu      ] GC(1) User=0.06s Sys=0.01s Real=0.00s
[2023-02-14T21:31:08.224+0100][gc,start    ] GC(2) Pause Young (Normal) (G1 Evacuation Pause)
[2023-02-14T21:31:08.224+0100][gc,task     ] GC(2) Using 8 workers of 8 for evacuation
[2023-02-14T21:31:08.233+0100][gc,phases   ] GC(2)   Pre Evacuate Collection Set: 0.1ms
[2023-02-14T21:31:08.233+0100][gc,phases   ] GC(2)   Merge Heap Roots: 0.1ms
[2023-02-14T21:31:08.233+0100][gc,phases   ] GC(2)   Evacuate Collection Set: 7.4ms
[2023-02-14T21:31:08.233+0100][gc,phases   ] GC(2)   Post Evacuate Collection Set: 1.0ms
[2023-02-14T21:31:08.233+0100][gc,phases   ] GC(2)   Other: 0.1ms
[2023-02-14T21:31:08.233+0100][gc,heap     ] GC(2) Eden regions: 243->0(240)
[2023-02-14T21:31:08.233+0100][gc,heap     ] GC(2) Survivor regions: 13->16(32)
[2023-02-14T21:31:08.233+0100][gc,heap     ] GC(2) Old regions: 0->0
[2023-02-14T21:31:08.233+0100][gc,heap     ] GC(2) Archive regions: 2->2
[2023-02-14T21:31:08.233+0100][gc,heap     ] GC(2) Humongous regions: 0->0
[2023-02-14T21:31:08.233+0100][gc,metaspace] GC(2) Metaspace: 21147K(21440K)->21147K(21440K) NonClass: 18753K(18880K)->18753K(18880K) Class: 2393K(2560K)->2393K(2560K)
[2023-02-14T21:31:08.233+0100][gc          ] GC(2) Pause Young (Normal) (G1 Evacuation Pause) 256M->16M(512M) 8.975ms
[2023-02-14T21:31:08.233+0100][gc,cpu      ] GC(2) User=0.06s Sys=0.00s Real=0.01s
[2023-02-14T21:31:08.403+0100][gc,start    ] GC(3) Pause Young (Concurrent Start) (Metadata GC Threshold)
[2023-02-14T21:31:08.403+0100][gc,task     ] GC(3) Using 8 workers of 8 for evacuation
[2023-02-14T21:31:08.412+0100][gc,phases   ] GC(3)   Pre Evacuate Collection Set: 0.2ms
[2023-02-14T21:31:08.412+0100][gc,phases   ] GC(3)   Merge Heap Roots: 0.1ms
[2023-02-14T21:31:08.412+0100][gc,phases   ] GC(3)   Evacuate Collection Set: 7.9ms
[2023-02-14T21:31:08.412+0100][gc,phases   ] GC(3)   Post Evacuate Collection Set: 0.9ms
[2023-02-14T21:31:08.412+0100][gc,phases   ] GC(3)   Other: 0.1ms
[2023-02-14T21:31:08.412+0100][gc,heap     ] GC(3) Eden regions: 103->0(239)
[2023-02-14T21:31:08.412+0100][gc,heap     ] GC(3) Survivor regions: 16->17(32)
[2023-02-14T21:31:08.412+0100][gc,heap     ] GC(3) Old regions: 0->0
[2023-02-14T21:31:08.412+0100][gc,heap     ] GC(3) Archive regions: 2->2
[2023-02-14T21:31:08.412+0100][gc,heap     ] GC(3) Humongous regions: 0->0
[2023-02-14T21:31:08.412+0100][gc,metaspace] GC(3) Metaspace: 21252K(21504K)->21252K(21504K) NonClass: 18843K(18944K)->18843K(18944K) Class: 2409K(2560K)->2409K(2560K)
[2023-02-14T21:31:08.412+0100][gc          ] GC(3) Pause Young (Concurrent Start) (Metadata GC Threshold) 119M->17M(512M) 9.329ms
[2023-02-14T21:31:08.412+0100][gc,cpu      ] GC(3) User=0.06s Sys=0.00s Real=0.01s
[2023-02-14T21:31:08.412+0100][gc          ] GC(4) Concurrent Mark Cycle
[2023-02-14T21:31:08.412+0100][gc,marking  ] GC(4) Concurrent Clear Claimed Marks
[2023-02-14T21:31:08.412+0100][gc,marking  ] GC(4) Concurrent Clear Claimed Marks 0.025ms
[2023-02-14T21:31:08.412+0100][gc,marking  ] GC(4) Concurrent Scan Root Regions
[2023-02-14T21:31:08.417+0100][gc,marking  ] GC(4) Concurrent Scan Root Regions 4.833ms
[2023-02-14T21:31:08.417+0100][gc,marking  ] GC(4) Concurrent Mark
[2023-02-14T21:31:08.417+0100][gc,marking  ] GC(4) Concurrent Mark From Roots
[2023-02-14T21:31:08.417+0100][gc,task     ] GC(4) Using 2 workers of 2 for marking
[2023-02-14T21:31:08.418+0100][gc,marking  ] GC(4) Concurrent Mark From Roots 0.978ms
[2023-02-14T21:31:08.418+0100][gc,marking  ] GC(4) Concurrent Preclean
[2023-02-14T21:31:08.418+0100][gc,marking  ] GC(4) Concurrent Preclean 0.040ms
[2023-02-14T21:31:08.418+0100][gc,start    ] GC(4) Pause Remark
[2023-02-14T21:31:08.420+0100][gc          ] GC(4) Pause Remark 18M->18M(512M) 1.693ms
[2023-02-14T21:31:08.420+0100][gc,cpu      ] GC(4) User=0.01s Sys=0.00s Real=0.01s
[2023-02-14T21:31:08.420+0100][gc,marking  ] GC(4) Concurrent Mark 3.057ms
[2023-02-14T21:31:08.420+0100][gc,marking  ] GC(4) Concurrent Rebuild Remembered Sets
[2023-02-14T21:31:08.420+0100][gc,marking  ] GC(4) Concurrent Rebuild Remembered Sets 0.036ms
[2023-02-14T21:31:08.420+0100][gc,start    ] GC(4) Pause Cleanup
[2023-02-14T21:31:08.420+0100][gc          ] GC(4) Pause Cleanup 18M->18M(512M) 0.039ms
[2023-02-14T21:31:08.420+0100][gc,cpu      ] GC(4) User=0.00s Sys=0.00s Real=0.00s
[2023-02-14T21:31:08.421+0100][gc,marking  ] GC(4) Concurrent Cleanup for Next Mark
[2023-02-14T21:31:08.424+0100][gc,marking  ] GC(4) Concurrent Cleanup for Next Mark 3.421ms
[2023-02-14T21:31:08.424+0100][gc          ] GC(4) Concurrent Mark Cycle 11.836ms
[2023-02-14T21:31:09.937+0100][gc,start    ] GC(5) Pause Young (Normal) (G1 Evacuation Pause)
[2023-02-14T21:31:09.937+0100][gc,task     ] GC(5) Using 8 workers of 8 for evacuation
[2023-02-14T21:31:09.949+0100][gc,phases   ] GC(5)   Pre Evacuate Collection Set: 0.1ms
[2023-02-14T21:31:09.949+0100][gc,phases   ] GC(5)   Merge Heap Roots: 0.1ms
[2023-02-14T21:31:09.949+0100][gc,phases   ] GC(5)   Evacuate Collection Set: 10.7ms
[2023-02-14T21:31:09.949+0100][gc,phases   ] GC(5)   Post Evacuate Collection Set: 1.2ms
[2023-02-14T21:31:09.949+0100][gc,phases   ] GC(5)   Other: 0.1ms
[2023-02-14T21:31:09.949+0100][gc,heap     ] GC(5) Eden regions: 239->0(244)
[2023-02-14T21:31:09.949+0100][gc,heap     ] GC(5) Survivor regions: 17->12(32)
[2023-02-14T21:31:09.949+0100][gc,heap     ] GC(5) Old regions: 0->6
[2023-02-14T21:31:09.949+0100][gc,heap     ] GC(5) Archive regions: 2->2
[2023-02-14T21:31:09.949+0100][gc,heap     ] GC(5) Humongous regions: 0->0
[2023-02-14T21:31:09.949+0100][gc,metaspace] GC(5) Metaspace: 26778K(27072K)->26778K(27072K) NonClass: 23646K(23808K)->23646K(23808K) Class: 3131K(3264K)->3131K(3264K)
[2023-02-14T21:31:09.949+0100][gc          ] GC(5) Pause Young (Normal) (G1 Evacuation Pause) 256M->18M(512M) 12.368ms
[2023-02-14T21:31:09.949+0100][gc,cpu      ] GC(5) User=0.08s Sys=0.01s Real=0.01s
[2023-02-14T21:31:11.072+0100][gc,start    ] GC(6) Pause Young (Concurrent Start) (Metadata GC Threshold)
[2023-02-14T21:31:11.072+0100][gc,task     ] GC(6) Using 8 workers of 8 for evacuation
[2023-02-14T21:31:11.081+0100][gc,phases   ] GC(6)   Pre Evacuate Collection Set: 0.1ms
[2023-02-14T21:31:11.081+0100][gc,phases   ] GC(6)   Merge Heap Roots: 0.1ms
[2023-02-14T21:31:11.081+0100][gc,phases   ] GC(6)   Evacuate Collection Set: 8.4ms
[2023-02-14T21:31:11.081+0100][gc,phases   ] GC(6)   Post Evacuate Collection Set: 0.8ms
[2023-02-14T21:31:11.081+0100][gc,phases   ] GC(6)   Other: 0.1ms
[2023-02-14T21:31:11.081+0100][gc,heap     ] GC(6) Eden regions: 96->0(239)
[2023-02-14T21:31:11.081+0100][gc,heap     ] GC(6) Survivor regions: 12->17(32)
[2023-02-14T21:31:11.082+0100][gc,heap     ] GC(6) Old regions: 6->6
[2023-02-14T21:31:11.082+0100][gc,heap     ] GC(6) Archive regions: 2->2
[2023-02-14T21:31:11.082+0100][gc,heap     ] GC(6) Humongous regions: 0->0
[2023-02-14T21:31:11.082+0100][gc,metaspace] GC(6) Metaspace: 35585K(35968K)->35585K(35968K) NonClass: 31417K(31616K)->31417K(31616K) Class: 4167K(4352K)->4167K(4352K)
[2023-02-14T21:31:11.082+0100][gc          ] GC(6) Pause Young (Concurrent Start) (Metadata GC Threshold) 114M->23M(512M) 10.059ms
[2023-02-14T21:31:11.082+0100][gc,cpu      ] GC(6) User=0.06s Sys=0.00s Real=0.01s
[2023-02-14T21:31:11.082+0100][gc          ] GC(7) Concurrent Mark Cycle
[2023-02-14T21:31:11.082+0100][gc,marking  ] GC(7) Concurrent Clear Claimed Marks
[2023-02-14T21:31:11.082+0100][gc,marking  ] GC(7) Concurrent Clear Claimed Marks 0.038ms
[2023-02-14T21:31:11.082+0100][gc,marking  ] GC(7) Concurrent Scan Root Regions
[2023-02-14T21:31:11.090+0100][gc,marking  ] GC(7) Concurrent Scan Root Regions 8.161ms
[2023-02-14T21:31:11.090+0100][gc,marking  ] GC(7) Concurrent Mark
[2023-02-14T21:31:11.090+0100][gc,marking  ] GC(7) Concurrent Mark From Roots
[2023-02-14T21:31:11.090+0100][gc,task     ] GC(7) Using 2 workers of 2 for marking
[2023-02-14T21:31:11.097+0100][gc,marking  ] GC(7) Concurrent Mark From Roots 6.937ms
[2023-02-14T21:31:11.097+0100][gc,marking  ] GC(7) Concurrent Preclean
[2023-02-14T21:31:11.097+0100][gc,marking  ] GC(7) Concurrent Preclean 0.113ms
[2023-02-14T21:31:11.097+0100][gc,start    ] GC(7) Pause Remark
[2023-02-14T21:31:11.099+0100][gc          ] GC(7) Pause Remark 25M->25M(512M) 2.002ms
[2023-02-14T21:31:11.099+0100][gc,cpu      ] GC(7) User=0.01s Sys=0.00s Real=0.00s
[2023-02-14T21:31:11.099+0100][gc,marking  ] GC(7) Concurrent Mark 9.436ms
[2023-02-14T21:31:11.099+0100][gc,marking  ] GC(7) Concurrent Rebuild Remembered Sets
[2023-02-14T21:31:11.099+0100][gc,marking  ] GC(7) Concurrent Rebuild Remembered Sets 0.012ms
[2023-02-14T21:31:11.100+0100][gc,start    ] GC(7) Pause Cleanup
[2023-02-14T21:31:11.100+0100][gc          ] GC(7) Pause Cleanup 25M->25M(512M) 0.024ms
[2023-02-14T21:31:11.100+0100][gc,cpu      ] GC(7) User=0.00s Sys=0.00s Real=0.00s
[2023-02-14T21:31:11.100+0100][gc,marking  ] GC(7) Concurrent Cleanup for Next Mark
[2023-02-14T21:31:11.103+0100][gc,marking  ] GC(7) Concurrent Cleanup for Next Mark 3.405ms
[2023-02-14T21:31:11.103+0100][gc          ] GC(7) Concurrent Mark Cycle 21.472ms
[2023-02-14T21:31:13.965+0100][gc,start    ] GC(8) Pause Young (Normal) (G1 Evacuation Pause)
[2023-02-14T21:31:13.965+0100][gc,task     ] GC(8) Using 8 workers of 8 for evacuation
[2023-02-14T21:31:13.982+0100][gc,phases   ] GC(8)   Pre Evacuate Collection Set: 0.1ms
[2023-02-14T21:31:13.983+0100][gc,phases   ] GC(8)   Merge Heap Roots: 0.1ms
[2023-02-14T21:31:13.983+0100][gc,phases   ] GC(8)   Evacuate Collection Set: 15.3ms
[2023-02-14T21:31:13.983+0100][gc,phases   ] GC(8)   Post Evacuate Collection Set: 1.5ms
[2023-02-14T21:31:13.983+0100][gc,phases   ] GC(8)   Other: 0.1ms
[2023-02-14T21:31:13.983+0100][gc,heap     ] GC(8) Eden regions: 239->0(228)
[2023-02-14T21:31:13.983+0100][gc,heap     ] GC(8) Survivor regions: 17->28(32)
[2023-02-14T21:31:13.983+0100][gc,heap     ] GC(8) Old regions: 6->6
[2023-02-14T21:31:13.983+0100][gc,heap     ] GC(8) Archive regions: 2->2
[2023-02-14T21:31:13.983+0100][gc,heap     ] GC(8) Humongous regions: 0->0
[2023-02-14T21:31:13.983+0100][gc,metaspace] GC(8) Metaspace: 52307K(52800K)->52307K(52800K) NonClass: 46138K(46400K)->46138K(46400K) Class: 6169K(6400K)->6169K(6400K)
[2023-02-14T21:31:13.983+0100][gc          ] GC(8) Pause Young (Normal) (G1 Evacuation Pause) 262M->34M(512M) 17.303ms
[2023-02-14T21:31:13.983+0100][gc,cpu      ] GC(8) User=0.11s Sys=0.02s Real=0.02s
[2023-02-14T21:31:14.984+0100][gc,start    ] GC(9) Pause Young (Concurrent Start) (Metadata GC Threshold)
[2023-02-14T21:31:14.984+0100][gc,task     ] GC(9) Using 8 workers of 8 for evacuation
[2023-02-14T21:31:15.002+0100][gc,phases   ] GC(9)   Pre Evacuate Collection Set: 0.2ms
[2023-02-14T21:31:15.002+0100][gc,phases   ] GC(9)   Merge Heap Roots: 0.1ms
[2023-02-14T21:31:15.002+0100][gc,phases   ] GC(9)   Evacuate Collection Set: 16.4ms
[2023-02-14T21:31:15.002+0100][gc,phases   ] GC(9)   Post Evacuate Collection Set: 1.3ms
[2023-02-14T21:31:15.002+0100][gc,phases   ] GC(9)   Other: 0.1ms
[2023-02-14T21:31:15.002+0100][gc,heap     ] GC(9) Eden regions: 146->0(237)
[2023-02-14T21:31:15.002+0100][gc,heap     ] GC(9) Survivor regions: 28->19(32)
[2023-02-14T21:31:15.002+0100][gc,heap     ] GC(9) Old regions: 6->17
[2023-02-14T21:31:15.002+0100][gc,heap     ] GC(9) Archive regions: 2->2
[2023-02-14T21:31:15.002+0100][gc,heap     ] GC(9) Humongous regions: 0->0
[2023-02-14T21:31:15.002+0100][gc,metaspace] GC(9) Metaspace: 59635K(60160K)->59635K(60160K) NonClass: 52613K(52864K)->52613K(52864K) Class: 7021K(7296K)->7021K(7296K)
[2023-02-14T21:31:15.002+0100][gc          ] GC(9) Pause Young (Concurrent Start) (Metadata GC Threshold) 180M->36M(512M) 18.207ms
[2023-02-14T21:31:15.002+0100][gc          ] GC(10) Concurrent Mark Cycle
[2023-02-14T21:31:15.002+0100][gc,cpu      ] GC(9) User=0.12s Sys=0.01s Real=0.02s
[2023-02-14T21:31:15.002+0100][gc,marking  ] GC(10) Concurrent Clear Claimed Marks
[2023-02-14T21:31:15.002+0100][gc,marking  ] GC(10) Concurrent Clear Claimed Marks 0.066ms
[2023-02-14T21:31:15.002+0100][gc,marking  ] GC(10) Concurrent Scan Root Regions
[2023-02-14T21:31:15.013+0100][gc,marking  ] GC(10) Concurrent Scan Root Regions 11.004ms
[2023-02-14T21:31:15.013+0100][gc,marking  ] GC(10) Concurrent Mark
[2023-02-14T21:31:15.013+0100][gc,marking  ] GC(10) Concurrent Mark From Roots
[2023-02-14T21:31:15.013+0100][gc,task     ] GC(10) Using 2 workers of 2 for marking
[2023-02-14T21:31:15.019+0100][gc,marking  ] GC(10) Concurrent Mark From Roots 6.034ms
[2023-02-14T21:31:15.019+0100][gc,marking  ] GC(10) Concurrent Preclean
[2023-02-14T21:31:15.019+0100][gc,marking  ] GC(10) Concurrent Preclean 0.060ms
[2023-02-14T21:31:15.019+0100][gc,start    ] GC(10) Pause Remark
[2023-02-14T21:31:15.022+0100][gc          ] GC(10) Pause Remark 38M->38M(512M) 2.563ms
[2023-02-14T21:31:15.022+0100][gc,cpu      ] GC(10) User=0.02s Sys=0.00s Real=0.01s
[2023-02-14T21:31:15.022+0100][gc,marking  ] GC(10) Concurrent Mark 9.066ms
[2023-02-14T21:31:15.022+0100][gc,marking  ] GC(10) Concurrent Rebuild Remembered Sets
[2023-02-14T21:31:15.031+0100][gc,marking  ] GC(10) Concurrent Rebuild Remembered Sets 8.607ms
[2023-02-14T21:31:15.031+0100][gc,start    ] GC(10) Pause Cleanup
[2023-02-14T21:31:15.031+0100][gc          ] GC(10) Pause Cleanup 39M->39M(512M) 0.096ms
[2023-02-14T21:31:15.031+0100][gc,cpu      ] GC(10) User=0.00s Sys=0.00s Real=0.00s
[2023-02-14T21:31:15.031+0100][gc,marking  ] GC(10) Concurrent Cleanup for Next Mark
[2023-02-14T21:31:15.032+0100][gc,marking  ] GC(10) Concurrent Cleanup for Next Mark 1.073ms
[2023-02-14T21:31:15.032+0100][gc          ] GC(10) Concurrent Mark Cycle 30.420ms
[2023-02-14T21:31:17.108+0100][gc,start    ] GC(11) Pause Young (Normal) (G1 Evacuation Pause)
[2023-02-14T21:31:17.108+0100][gc,task     ] GC(11) Using 8 workers of 8 for evacuation
[2023-02-14T21:31:17.129+0100][gc,phases   ] GC(11)   Pre Evacuate Collection Set: 0.1ms
[2023-02-14T21:31:17.130+0100][gc,phases   ] GC(11)   Merge Heap Roots: 0.1ms
[2023-02-14T21:31:17.130+0100][gc,phases   ] GC(11)   Evacuate Collection Set: 19.3ms
[2023-02-14T21:31:17.130+0100][gc,phases   ] GC(11)   Post Evacuate Collection Set: 1.5ms
[2023-02-14T21:31:17.130+0100][gc,phases   ] GC(11)   Other: 0.2ms
[2023-02-14T21:31:17.130+0100][gc,heap     ] GC(11) Eden regions: 237->0(225)
[2023-02-14T21:31:17.130+0100][gc,heap     ] GC(11) Survivor regions: 19->31(32)
[2023-02-14T21:31:17.130+0100][gc,heap     ] GC(11) Old regions: 17->21
[2023-02-14T21:31:17.130+0100][gc,heap     ] GC(11) Archive regions: 2->2
[2023-02-14T21:31:17.130+0100][gc,heap     ] GC(11) Humongous regions: 0->0
[2023-02-14T21:31:17.130+0100][gc,metaspace] GC(11) Metaspace: 70691K(71296K)->70691K(71296K) NonClass: 62267K(62592K)->62267K(62592K) Class: 8423K(8704K)->8423K(8704K)
[2023-02-14T21:31:17.130+0100][gc          ] GC(11) Pause Young (Normal) (G1 Evacuation Pause) 273M->52M(512M) 22.177ms
[2023-02-14T21:31:17.130+0100][gc,cpu      ] GC(11) User=0.14s Sys=0.01s Real=0.03s
[2023-02-14T21:34:35.547+0100][gc,heap,exit] Heap
[2023-02-14T21:34:35.547+0100][gc,heap,exit]  garbage-first heap   total 524288K, used 318232K [0x00000007e0000000, 0x0000000800000000)
[2023-02-14T21:34:35.547+0100][gc,heap,exit]   region size 1024K, 244 young (249856K), 31 survivors (31744K)
[2023-02-14T21:34:35.548+0100][gc,heap,exit]  Metaspace       used 79864K, committed 80704K, reserved 1179648K
[2023-02-14T21:34:35.548+0100][gc,heap,exit]   class space    used 9457K, committed 9856K, reserved 1048576K
